// Jest Snapshot v1, https://goo.gl/fbAQLP

exports[`Header snapshot should always match the snapshot 1`] = `
ShallowWrapper {
  "length": 1,
  Symbol(enzyme.__root__): [Circular],
  Symbol(enzyme.__unrendered__): <Header />,
  Symbol(enzyme.__renderer__): Object {
    "batchedUpdates": [Function],
    "getNode": [Function],
    "render": [Function],
    "simulateEvent": [Function],
    "unmount": [Function],
  },
  Symbol(enzyme.__node__): Object {
    "instance": null,
    "key": undefined,
    "nodeType": "host",
    "props": Object {
      "children": Array [
        <h1
          className="header-title"
>
          <Link
                    replace={false}
                    to="/"
          >
                    Concert Tracker
          </Link>
</h1>,
        <div
          className="header-content"
>
          <Connect(NavBar) />
          <withRouter(Connect(SearchBar)) />
          <withRouter(Connect(SignInSignUp)) />
</div>,
      ],
      "className": "header",
    },
    "ref": null,
    "rendered": Array [
      Object {
        "instance": null,
        "key": undefined,
        "nodeType": "host",
        "props": Object {
          "children": <Link
            replace={false}
            to="/"
>
            Concert Tracker
</Link>,
          "className": "header-title",
        },
        "ref": null,
        "rendered": Object {
          "instance": null,
          "key": undefined,
          "nodeType": "class",
          "props": Object {
            "children": "Concert Tracker",
            "replace": false,
            "to": "/",
          },
          "ref": null,
          "rendered": "Concert Tracker",
          "type": [Function],
        },
        "type": "h1",
      },
      Object {
        "instance": null,
        "key": undefined,
        "nodeType": "host",
        "props": Object {
          "children": Array [
            <Connect(NavBar) />,
            <withRouter(Connect(SearchBar)) />,
            <withRouter(Connect(SignInSignUp)) />,
          ],
          "className": "header-content",
        },
        "ref": null,
        "rendered": Array [
          Object {
            "instance": null,
            "key": undefined,
            "nodeType": "class",
            "props": Object {},
            "ref": null,
            "rendered": null,
            "type": [Function],
          },
          Object {
            "instance": null,
            "key": undefined,
            "nodeType": "function",
            "props": Object {},
            "ref": null,
            "rendered": null,
            "type": [Function],
          },
          Object {
            "instance": null,
            "key": undefined,
            "nodeType": "function",
            "props": Object {},
            "ref": null,
            "rendered": null,
            "type": [Function],
          },
        ],
        "type": "div",
      },
    ],
    "type": "header",
  },
  Symbol(enzyme.__nodes__): Array [
    Object {
      "instance": null,
      "key": undefined,
      "nodeType": "host",
      "props": Object {
        "children": Array [
          <h1
            className="header-title"
>
            <Link
                        replace={false}
                        to="/"
            >
                        Concert Tracker
            </Link>
</h1>,
          <div
            className="header-content"
>
            <Connect(NavBar) />
            <withRouter(Connect(SearchBar)) />
            <withRouter(Connect(SignInSignUp)) />
</div>,
        ],
        "className": "header",
      },
      "ref": null,
      "rendered": Array [
        Object {
          "instance": null,
          "key": undefined,
          "nodeType": "host",
          "props": Object {
            "children": <Link
              replace={false}
              to="/"
>
              Concert Tracker
</Link>,
            "className": "header-title",
          },
          "ref": null,
          "rendered": Object {
            "instance": null,
            "key": undefined,
            "nodeType": "class",
            "props": Object {
              "children": "Concert Tracker",
              "replace": false,
              "to": "/",
            },
            "ref": null,
            "rendered": "Concert Tracker",
            "type": [Function],
          },
          "type": "h1",
        },
        Object {
          "instance": null,
          "key": undefined,
          "nodeType": "host",
          "props": Object {
            "children": Array [
              <Connect(NavBar) />,
              <withRouter(Connect(SearchBar)) />,
              <withRouter(Connect(SignInSignUp)) />,
            ],
            "className": "header-content",
          },
          "ref": null,
          "rendered": Array [
            Object {
              "instance": null,
              "key": undefined,
              "nodeType": "class",
              "props": Object {},
              "ref": null,
              "rendered": null,
              "type": [Function],
            },
            Object {
              "instance": null,
              "key": undefined,
              "nodeType": "function",
              "props": Object {},
              "ref": null,
              "rendered": null,
              "type": [Function],
            },
            Object {
              "instance": null,
              "key": undefined,
              "nodeType": "function",
              "props": Object {},
              "ref": null,
              "rendered": null,
              "type": [Function],
            },
          ],
          "type": "div",
        },
      ],
      "type": "header",
    },
  ],
  Symbol(enzyme.__options__): Object {
    "adapter": ReactSixteenAdapter {
      "options": Object {
        "enableComponentDidUpdateOnSetState": true,
      },
    },
  },
}
`;
